// Jest Snapshot v1, https://goo.gl/fbAQLP

exports[`should export all the things 1`] = `
Object {
  "chunk": [Function],
  "compose": [Function],
  "concat": [Function],
  "every": [Function],
  "filter": [Function],
  "find": [Function],
  "findIndex": [Function],
  "first": [Function],
  "flatten": [Function],
  "generate": [Function],
  "head": [Function],
  "map": [Function],
  "max": [Function],
  "min": [Function],
  "pipe": [Function],
  "range": [Function],
  "reduce": [Function],
  "skip": [Function],
  "slice": [Function],
  "some": [Function],
  "sum": [Function],
  "take": [Function],
  "takeWhile": [Function],
  "tap": [Function],
  "toArray": [Function],
  "unique": [Function],
}
`;
